{
  "Resources": {
    "Vpc8378EB38": {
      "Type": "AWS::EC2::VPC",
      "Properties": {
        "CidrBlock": "10.0.0.0/16",
        "EnableDnsHostnames": true,
        "EnableDnsSupport": true,
        "InstanceTenancy": "default",
        "Tags": [
          {
            "Key": "Name",
            "Value": "aws-ecs-integ/Vpc"
          }
        ]
      }
    },
    "VpcPublicSubnet1Subnet5C2D37C4": {
      "Type": "AWS::EC2::Subnet",
      "Properties": {
        "CidrBlock": "10.0.0.0/18",
        "VpcId": {
          "Ref": "Vpc8378EB38"
        },
        "AvailabilityZone": "test-region-1a",
        "MapPublicIpOnLaunch": true,
        "Tags": [
          {
            "Key": "Name",
            "Value": "aws-ecs-integ/Vpc/PublicSubnet1"
          }
        ]
      }
    },
    "VpcPublicSubnet1RouteTable6C95E38E": {
      "Type": "AWS::EC2::RouteTable",
      "Properties": {
        "VpcId": {
          "Ref": "Vpc8378EB38"
        },
        "Tags": [
          {
            "Key": "Name",
            "Value": "aws-ecs-integ/Vpc/PublicSubnet1"
          }
        ]
      }
    },
    "VpcPublicSubnet1RouteTableAssociation97140677": {
      "Type": "AWS::EC2::SubnetRouteTableAssociation",
      "Properties": {
        "RouteTableId": {
          "Ref": "VpcPublicSubnet1RouteTable6C95E38E"
        },
        "SubnetId": {
          "Ref": "VpcPublicSubnet1Subnet5C2D37C4"
        }
      }
    },
    "VpcPublicSubnet1DefaultRoute3DA9E72A": {
      "Type": "AWS::EC2::Route",
      "Properties": {
        "RouteTableId": {
          "Ref": "VpcPublicSubnet1RouteTable6C95E38E"
        },
        "DestinationCidrBlock": "0.0.0.0/0",
        "GatewayId": {
          "Ref": "VpcIGWD7BA715C"
        }
      }
    },
    "VpcPublicSubnet1EIPD7E02669": {
      "Type": "AWS::EC2::EIP",
      "Properties": {
        "Domain": "vpc"
      }
    },
    "VpcPublicSubnet1NATGateway4D7517AA": {
      "Type": "AWS::EC2::NatGateway",
      "Properties": {
        "AllocationId": {
          "Fn::GetAtt": [
            "VpcPublicSubnet1EIPD7E02669",
            "AllocationId"
          ]
        },
        "SubnetId": {
          "Ref": "VpcPublicSubnet1Subnet5C2D37C4"
        },
        "Tags": [
          {
            "Key": "Name",
            "Value": "aws-ecs-integ/Vpc/PublicSubnet1"
          }
        ]
      }
    },
    "VpcPublicSubnet2Subnet691E08A3": {
      "Type": "AWS::EC2::Subnet",
      "Properties": {
        "CidrBlock": "10.0.64.0/18",
        "VpcId": {
          "Ref": "Vpc8378EB38"
        },
        "AvailabilityZone": "test-region-1b",
        "MapPublicIpOnLaunch": true,
        "Tags": [
          {
            "Key": "Name",
            "Value": "aws-ecs-integ/Vpc/PublicSubnet2"
          }
        ]
      }
    },
    "VpcPublicSubnet2RouteTable94F7E489": {
      "Type": "AWS::EC2::RouteTable",
      "Properties": {
        "VpcId": {
          "Ref": "Vpc8378EB38"
        },
        "Tags": [
          {
            "Key": "Name",
            "Value": "aws-ecs-integ/Vpc/PublicSubnet2"
          }
        ]
      }
    },
    "VpcPublicSubnet2RouteTableAssociationDD5762D8": {
      "Type": "AWS::EC2::SubnetRouteTableAssociation",
      "Properties": {
        "RouteTableId": {
          "Ref": "VpcPublicSubnet2RouteTable94F7E489"
        },
        "SubnetId": {
          "Ref": "VpcPublicSubnet2Subnet691E08A3"
        }
      }
    },
    "VpcPublicSubnet2DefaultRoute97F91067": {
      "Type": "AWS::EC2::Route",
      "Properties": {
        "RouteTableId": {
          "Ref": "VpcPublicSubnet2RouteTable94F7E489"
        },
        "DestinationCidrBlock": "0.0.0.0/0",
        "GatewayId": {
          "Ref": "VpcIGWD7BA715C"
        }
      }
    },
    "VpcPublicSubnet2EIP3C605A87": {
      "Type": "AWS::EC2::EIP",
      "Properties": {
        "Domain": "vpc"
      }
    },
    "VpcPublicSubnet2NATGateway9182C01D": {
      "Type": "AWS::EC2::NatGateway",
      "Properties": {
        "AllocationId": {
          "Fn::GetAtt": [
            "VpcPublicSubnet2EIP3C605A87",
            "AllocationId"
          ]
        },
        "SubnetId": {
          "Ref": "VpcPublicSubnet2Subnet691E08A3"
        },
        "Tags": [
          {
            "Key": "Name",
            "Value": "aws-ecs-integ/Vpc/PublicSubnet2"
          }
        ]
      }
    },
    "VpcPrivateSubnet1Subnet536B997A": {
      "Type": "AWS::EC2::Subnet",
      "Properties": {
        "CidrBlock": "10.0.128.0/18",
        "VpcId": {
          "Ref": "Vpc8378EB38"
        },
        "AvailabilityZone": "test-region-1a",
        "MapPublicIpOnLaunch": false,
        "Tags": [
          {
            "Key": "Name",
            "Value": "aws-ecs-integ/Vpc/PrivateSubnet1"
          }
        ]
      }
    },
    "VpcPrivateSubnet1RouteTableB2C5B500": {
      "Type": "AWS::EC2::RouteTable",
      "Properties": {
        "VpcId": {
          "Ref": "Vpc8378EB38"
        },
        "Tags": [
          {
            "Key": "Name",
            "Value": "aws-ecs-integ/Vpc/PrivateSubnet1"
          }
        ]
      }
    },
    "VpcPrivateSubnet1RouteTableAssociation70C59FA6": {
      "Type": "AWS::EC2::SubnetRouteTableAssociation",
      "Properties": {
        "RouteTableId": {
          "Ref": "VpcPrivateSubnet1RouteTableB2C5B500"
        },
        "SubnetId": {
          "Ref": "VpcPrivateSubnet1Subnet536B997A"
        }
      }
    },
    "VpcPrivateSubnet1DefaultRouteBE02A9ED": {
      "Type": "AWS::EC2::Route",
      "Properties": {
        "RouteTableId": {
          "Ref": "VpcPrivateSubnet1RouteTableB2C5B500"
        },
        "DestinationCidrBlock": "0.0.0.0/0",
        "NatGatewayId": {
          "Ref": "VpcPublicSubnet1NATGateway4D7517AA"
        }
      }
    },
    "VpcPrivateSubnet2Subnet3788AAA1": {
      "Type": "AWS::EC2::Subnet",
      "Properties": {
        "CidrBlock": "10.0.192.0/18",
        "VpcId": {
          "Ref": "Vpc8378EB38"
        },
        "AvailabilityZone": "test-region-1b",
        "MapPublicIpOnLaunch": false,
        "Tags": [
          {
            "Key": "Name",
            "Value": "aws-ecs-integ/Vpc/PrivateSubnet2"
          }
        ]
      }
    },
    "VpcPrivateSubnet2RouteTableA678073B": {
      "Type": "AWS::EC2::RouteTable",
      "Properties": {
        "VpcId": {
          "Ref": "Vpc8378EB38"
        },
        "Tags": [
          {
            "Key": "Name",
            "Value": "aws-ecs-integ/Vpc/PrivateSubnet2"
          }
        ]
      }
    },
    "VpcPrivateSubnet2RouteTableAssociationA89CAD56": {
      "Type": "AWS::EC2::SubnetRouteTableAssociation",
      "Properties": {
        "RouteTableId": {
          "Ref": "VpcPrivateSubnet2RouteTableA678073B"
        },
        "SubnetId": {
          "Ref": "VpcPrivateSubnet2Subnet3788AAA1"
        }
      }
    },
    "VpcPrivateSubnet2DefaultRoute060D2087": {
      "Type": "AWS::EC2::Route",
      "Properties": {
        "RouteTableId": {
          "Ref": "VpcPrivateSubnet2RouteTableA678073B"
        },
        "DestinationCidrBlock": "0.0.0.0/0",
        "NatGatewayId": {
          "Ref": "VpcPublicSubnet2NATGateway9182C01D"
        }
      }
    },
    "VpcIGWD7BA715C": {
      "Type": "AWS::EC2::InternetGateway",
      "Properties": {
        "Tags": [
          {
            "Key": "Name",
            "Value": "aws-ecs-integ/Vpc"
          }
        ]
      }
    },
    "VpcVPCGWBF912B6E": {
      "Type": "AWS::EC2::VPCGatewayAttachment",
      "Properties": {
        "VpcId": {
          "Ref": "Vpc8378EB38"
        },
        "InternetGatewayId": {
          "Ref": "VpcIGWD7BA715C"
        }
      }
    },
    "ClusterEB0386A7": {
      "Type": "AWS::ECS::Cluster"
    },
    "FargateServiceTaskDefTaskRole8CDCF85E": {
      "Type": "AWS::IAM::Role",
      "Properties": {
        "AssumeRolePolicyDocument": {
          "Version": "2012-10-17",
          "Statement": [
            {
              "Effect": "Allow",
              "Action": "sts:AssumeRole",
              "Principal": {
                "Service": "ecs-tasks.amazonaws.com"
              }
            }
          ]
        }
      }
    },
    "FargateServiceTaskDef940E3A80": {
      "Type": "AWS::ECS::TaskDefinition",
      "Properties": {
        "ContainerDefinitions": [
          {
            "Essential": true,
            "Image": {
              "Fn::Join": [
                "",
                [
                  {
                    "Ref": "ImageRepositoryC2BE7AD4"
                  },
                  ":",
                  {
                    "Ref": "ImageTagE17D8A6B"
                  }
                ]
              ]
            },
            "Links": [],
            "LinuxParameters": {
              "Capabilities": {
                "Add": [],
                "Drop": []
              },
              "Devices": [],
              "Tmpfs": []
            },
            "MountPoints": [],
            "Name": "web",
            "PortMappings": [
              {
                "ContainerPort": 8000,
                "Protocol": "tcp"
              }
            ],
            "Ulimits": [],
            "VolumesFrom": []
          }
        ],
        "Cpu": "256",
        "ExecutionRoleArn": {
          "Fn::GetAtt": [
            "FargateServiceTaskDefExecutionRole9194820E",
            "Arn"
          ]
        },
        "Family": "awsecsintegFargateServiceTaskDefE1C73F14",
        "Memory": "512",
        "NetworkMode": "awsvpc",
        "RequiresCompatibilities": [
          "FARGATE"
        ],
        "TaskRoleArn": {
          "Fn::GetAtt": [
            "FargateServiceTaskDefTaskRole8CDCF85E",
            "Arn"
          ]
        }
      }
    },
    "FargateServiceTaskDefExecutionRole9194820E": {
      "Type": "AWS::IAM::Role",
      "Properties": {
        "AssumeRolePolicyDocument": {
          "Version": "2012-10-17",
          "Statement": [
            {
              "Effect": "Allow",
              "Action": "sts:AssumeRole",
              "Principal": {
                "Service": "ecs-tasks.amazonaws.com"
              }
            }
          ]
        },
        "ManagedPolicyArns": [
          {
            "Fn::Join": [
              "",
              [
                "arn:",
                {
                  "Ref": "AWS::Partition"
                },
                ":iam::aws:policy/service-role/AmazonECSTaskExecutionRolePolicy"
              ]
            ]
          }
        ]
      }
    },
    "FargateServiceECC8084D": {
      "Type": "AWS::ECS::Service",
      "Properties": {
        "TaskDefinition": {
          "Ref": "FargateServiceTaskDef940E3A80"
        },
        "Cluster": {
          "Ref": "ClusterEB0386A7"
        },
        "DeploymentConfiguration": {},
        "DesiredCount": 1,
        "LaunchType": "FARGATE",
        "LoadBalancers": [
          {
            "ContainerName": "web",
            "ContainerPort": 8000,
            "TargetGroupArn": {
              "Ref": "FargateServiceLBPublicListenerECSGroupBE57E081"
            }
          }
        ],
        "NetworkConfiguration": {
          "AwsvpcConfiguration": {
            "AssignPublicIp": "DISABLED",
            "SecurityGroups": [
              {
                "Fn::GetAtt": [
                  "FargateServiceSecurityGroup262B61DD",
                  "GroupId"
                ]
              }
            ],
            "Subnets": [
              {
                "Ref": "VpcPrivateSubnet1Subnet536B997A"
              },
              {
                "Ref": "VpcPrivateSubnet2Subnet3788AAA1"
              }
            ]
          }
        }
      },
      "DependsOn": [
        "FargateServiceLBPublicListener4B4929CA"
      ]
    },
    "FargateServiceSecurityGroup262B61DD": {
      "Type": "AWS::EC2::SecurityGroup",
      "Properties": {
        "GroupDescription": "aws-ecs-integ/FargateService/Service/SecurityGroup",
        "SecurityGroupEgress": [],
        "SecurityGroupIngress": [],
        "VpcId": {
          "Ref": "Vpc8378EB38"
        }
      }
    },
    "FargateServiceSecurityGroupfromawsecsintegFargateServiceLBSecurityGroup129467A18000AD32AE25": {
      "Type": "AWS::EC2::SecurityGroupIngress",
      "Properties": {
        "IpProtocol": "tcp",
        "Description": "Load balancer to target",
        "FromPort": 8000,
        "GroupId": {
          "Fn::GetAtt": [
            "FargateServiceSecurityGroup262B61DD",
            "GroupId"
          ]
        },
        "SourceSecurityGroupId": {
          "Fn::GetAtt": [
            "FargateServiceLBSecurityGroup5F444C78",
            "GroupId"
          ]
        },
        "ToPort": 8000
      }
    },
    "FargateServiceLBB353E155": {
      "Type": "AWS::ElasticLoadBalancingV2::LoadBalancer",
      "Properties": {
        "LoadBalancerAttributes": [],
        "Scheme": "internet-facing",
        "SecurityGroups": [
          {
            "Fn::GetAtt": [
              "FargateServiceLBSecurityGroup5F444C78",
              "GroupId"
            ]
          }
        ],
        "Subnets": [
          {
            "Ref": "VpcPublicSubnet1Subnet5C2D37C4"
          },
          {
            "Ref": "VpcPublicSubnet2Subnet691E08A3"
          }
        ],
        "Type": "application"
      }
    },
    "FargateServiceLBSecurityGroup5F444C78": {
      "Type": "AWS::EC2::SecurityGroup",
      "Properties": {
        "GroupDescription": "Automatically created Security Group for ELB awsecsintegFargateServiceLB5FE4725D",
        "SecurityGroupEgress": [],
        "SecurityGroupIngress": [
          {
            "CidrIp": "0.0.0.0/0",
            "Description": "Allow from anyone on port 80",
            "FromPort": 80,
            "IpProtocol": "tcp",
            "ToPort": 80
          }
        ],
        "VpcId": {
          "Ref": "Vpc8378EB38"
        }
      }
    },
    "FargateServiceLBSecurityGrouptoawsecsintegFargateServiceSecurityGroup8930AEB880001FF8BADE": {
      "Type": "AWS::EC2::SecurityGroupEgress",
      "Properties": {
        "GroupId": {
          "Fn::GetAtt": [
            "FargateServiceLBSecurityGroup5F444C78",
            "GroupId"
          ]
        },
        "IpProtocol": "tcp",
        "Description": "Load balancer to target",
        "DestinationSecurityGroupId": {
          "Fn::GetAtt": [
            "FargateServiceSecurityGroup262B61DD",
            "GroupId"
          ]
        },
        "FromPort": 8000,
        "ToPort": 8000
      }
    },
    "FargateServiceLBPublicListener4B4929CA": {
      "Type": "AWS::ElasticLoadBalancingV2::Listener",
      "Properties": {
        "DefaultActions": [
          {
            "TargetGroupArn": {
              "Ref": "FargateServiceLBPublicListenerECSGroupBE57E081"
            },
            "Type": "forward"
          }
        ],
        "LoadBalancerArn": {
          "Ref": "FargateServiceLBB353E155"
        },
        "Port": 80,
        "Protocol": "HTTP",
        "Certificates": []
      }
    },
    "FargateServiceLBPublicListenerECSGroupBE57E081": {
      "Type": "AWS::ElasticLoadBalancingV2::TargetGroup",
      "Properties": {
        "Port": 80,
        "Protocol": "HTTP",
        "VpcId": {
          "Ref": "Vpc8378EB38"
        },
        "TargetGroupAttributes": [],
        "Targets": [],
        "TargetType": "ip"
      }
    }
  },
  "Parameters": {
    "ImageRepositoryC2BE7AD4": {
      "Type": "String",
      "Description": "Repository for asset \"aws-ecs-integ/Image\""
    },
    "ImageTagE17D8A6B": {
      "Type": "String",
      "Description": "Tag for asset \"aws-ecs-integ/Image\""
    }
  },
  "Outputs": {
    "LoadBalancerDNS": {
      "Value": {
        "Fn::GetAtt": [
          "FargateServiceLBB353E155",
          "DNSName"
        ]
      },
      "Export": {
        "Name": "aws-ecs-integ:LoadBalancerDNS"
      }
    }
  }
}